
PLAY [Configure the Food Distribution Tracker node] ****************************

TASK [Gathering Facts] *********************************************************
ok: [fdt-node]

TASK [Refresh the apt cache] ***************************************************
ok: [fdt-node]

TASK [Install the packages the application needs] ******************************
changed: [fdt-node]

TASK [Create the service account for the application] **************************
changed: [fdt-node]

TASK [Create the release directory] ********************************************
changed: [fdt-node]

TASK [Store release 1.4.0 in the release history] ******************************
changed: [fdt-node]

TASK [Deploy release 1.4.0 as the running webapp] ******************************
changed: [fdt-node]

TASK [Enable Tomcat at boot and make sure it is running] ***********************
changed: [fdt-node]

RUNNING HANDLER [Restart tomcat] ***********************************************
changed: [fdt-node]

PLAY [Verify the application answers] ******************************************

TASK [Gathering Facts] *********************************************************
ok: [fdt-node]

TASK [Wait until the application answers] **************************************
ok: [fdt-node -> localhost]

PLAY RECAP *********************************************************************
fdt-node                   : ok=11   changed=7    unreachable=0    failed=0    skipped=0    rescued=0    ignored=0   

